// Jest Snapshot v1, https://goo.gl/fbAQLP

exports[`ExchangeFab should render correctly in "debug" mode 1`] = `
<RateRaw
  debug={true}
/>
`;

exports[`ExchangeFab should render correctly with no props 1`] = `<RateRaw />`;

exports[`ExchangeFab should render correctly with props 1`] = `
<RateRaw
  inputCurrency={
    Object {
      "currency": "USD",
      "symbol": "$",
    }
  }
  outputCurrency={
    Object {
      "currency": "EUR",
      "symbol": "â‚¬",
    }
  }
  rate="0.23"
/>
`;
