// Jest Snapshot v1, https://goo.gl/fbAQLP

exports[`SwapIconButton should render correctly in "debug" mode 1`] = `
<WithStyles(SwapIconButtonRaw)
  debug={true}
/>
`;

exports[`SwapIconButton should render correctly with no props 1`] = `<WithStyles(SwapIconButtonRaw) />`;
